To honour the JVM settings for this build a single-use Daemon process will be forked. For more on this, please refer to https://docs.gradle.org/8.10.2/userguide/gradle_daemon.html#sec:disabling_the_daemon in the Gradle documentation.
Daemon will be stopped at the end of the build 

> Task :core:compileJava
./gradlew.bat : warning: using incubating module(s): jdk.incubator.vector
At line:1 char:24
+ ... h_html.py ; ./gradlew.bat :examples:classes -x test --no-daemon > bui ...
+                 ~~~~~~~~~~~~~~~~~~~~~~~~~~~~~~~~~~~~~~~~~~~~~~~~~~~~~~~~~
    + CategoryInfo          : NotSpecified: (warning: using ...ncubator.vector 
   :String) [], RemoteException
    + FullyQualifiedErrorId : NativeCommandError
 
1 warning

> Task :examples:compileJava NO-SOURCE
> Task :examples:ensureKernelsPtx NO-SOURCE
> Task :examples:processResources NO-SOURCE
> Task :examples:classes UP-TO-DATE

BUILD SUCCESSFUL in 9s
1 actionable task: 1 executed
